// Jest Snapshot v1, https://goo.gl/fbAQLP

exports[`<SummaryStep/> Component tests should match snapshot 1`] = `
<div>
  <div
    class="flex flex-col gap-4 w-full"
  >
    <div
      class="flex flex-col gap-2 items-start"
    >
      <div>
        Email: 
        test@getsafe.com
      </div>
      <div>
        Age: 
        20
      </div>
    </div>
    <a
      class="btn btn-primary"
      href="/purchased=dev_ins"
    >
      Purchase
    </a>
  </div>
</div>
`;
